18:26:56 **** Build of project test_bsp ****
make -k all 
Running Make include in ps7_cortexa9_0/libsrc/ddrps_v1_0/src
make -C ps7_cortexa9_0/libsrc/ddrps_v1_0/src -s include  "SHELL=/bin/sh" "COMPILER=arm-xilinx-eabi-gcc" "ARCHIVER=arm-xilinx-eabi-ar" "COMPILER_FLAGS=  -O2 -c" "EXTRA_COMPILER_FLAGS=-g"
Running Make include in ps7_cortexa9_0/libsrc/feature_v1_0/src
make -C ps7_cortexa9_0/libsrc/feature_v1_0/src -s include  "SHELL=/bin/sh" "COMPILER=arm-xilinx-eabi-gcc" "ARCHIVER=arm-xilinx-eabi-ar" "COMPILER_FLAGS=  -O2 -c" "EXTRA_COMPILER_FLAGS=-g"
Running Make include in ps7_cortexa9_0/libsrc/uartps_v3_1/src
make -C ps7_cortexa9_0/libsrc/uartps_v3_1/src -s include  "SHELL=/bin/sh" "COMPILER=arm-xilinx-eabi-gcc" "ARCHIVER=arm-xilinx-eabi-ar" "COMPILER_FLAGS=  -O2 -c" "EXTRA_COMPILER_FLAGS=-g"
Running Make include in ps7_cortexa9_0/libsrc/devcfg_v3_3/src
make -C ps7_cortexa9_0/libsrc/devcfg_v3_3/src -s include  "SHELL=/bin/sh" "COMPILER=arm-xilinx-eabi-gcc" "ARCHIVER=arm-xilinx-eabi-ar" "COMPILER_FLAGS=  -O2 -c" "EXTRA_COMPILER_FLAGS=-g"
Running Make include in ps7_cortexa9_0/libsrc/xadcps_v2_2/src
make -C ps7_cortexa9_0/libsrc/xadcps_v2_2/src -s include  "SHELL=/bin/sh" "COMPILER=arm-xilinx-eabi-gcc" "ARCHIVER=arm-xilinx-eabi-ar" "COMPILER_FLAGS=  -O2 -c" "EXTRA_COMPILER_FLAGS=-g"
Running Make include in ps7_cortexa9_0/libsrc/dmaps_v2_1/src
make -C ps7_cortexa9_0/libsrc/dmaps_v2_1/src -s include  "SHELL=/bin/sh" "COMPILER=arm-xilinx-eabi-gcc" "ARCHIVER=arm-xilinx-eabi-ar" "COMPILER_FLAGS=  -O2 -c" "EXTRA_COMPILER_FLAGS=-g"
Running Make include in ps7_cortexa9_0/libsrc/gpiops_v3_1/src
make -C ps7_cortexa9_0/libsrc/gpiops_v3_1/src -s include  "SHELL=/bin/sh" "COMPILER=arm-xilinx-eabi-gcc" "ARCHIVER=arm-xilinx-eabi-ar" "COMPILER_FLAGS=  -O2 -c" "EXTRA_COMPILER_FLAGS=-g"
Running Make include in ps7_cortexa9_0/libsrc/canps_v3_0/src
make -C ps7_cortexa9_0/libsrc/canps_v3_0/src -s include  "SHELL=/bin/sh" "COMPILER=arm-xilinx-eabi-gcc" "ARCHIVER=arm-xilinx-eabi-ar" "COMPILER_FLAGS=  -O2 -c" "EXTRA_COMPILER_FLAGS=-g"
Running Make include in ps7_cortexa9_0/libsrc/scuwdt_v2_1/src
make -C ps7_cortexa9_0/libsrc/scuwdt_v2_1/src -s include  "SHELL=/bin/sh" "COMPILER=arm-xilinx-eabi-gcc" "ARCHIVER=arm-xilinx-eabi-ar" "COMPILER_FLAGS=  -O2 -c" "EXTRA_COMPILER_FLAGS=-g"
Running Make include in ps7_cortexa9_0/libsrc/cpu_cortexa9_v2_1/src
make -C ps7_cortexa9_0/libsrc/cpu_cortexa9_v2_1/src -s include  "SHELL=/bin/sh" "COMPILER=arm-xilinx-eabi-gcc" "ARCHIVER=arm-xilinx-eabi-ar" "COMPILER_FLAGS=  -O2 -c" "EXTRA_COMPILER_FLAGS=-g"
Running Make include in ps7_cortexa9_0/libsrc/standalone_v5_3/src
make -C ps7_cortexa9_0/libsrc/standalone_v5_3/src -s include  "SHELL=/bin/sh" "COMPILER=arm-xilinx-eabi-gcc" "ARCHIVER=arm-xilinx-eabi-ar" "COMPILER_FLAGS=  -O2 -c" "EXTRA_COMPILER_FLAGS=-g"
Running Make include in ps7_cortexa9_0/libsrc/iicps_v3_0/src
make -C ps7_cortexa9_0/libsrc/iicps_v3_0/src -s include  "SHELL=/bin/sh" "COMPILER=arm-xilinx-eabi-gcc" "ARCHIVER=arm-xilinx-eabi-ar" "COMPILER_FLAGS=  -O2 -c" "EXTRA_COMPILER_FLAGS=-g"
Running Make include in ps7_cortexa9_0/libsrc/bgsub_v1_0/src
make -C ps7_cortexa9_0/libsrc/bgsub_v1_0/src -s include  "SHELL=/bin/sh" "COMPILER=arm-xilinx-eabi-gcc" "ARCHIVER=arm-xilinx-eabi-ar" "COMPILER_FLAGS=  -O2 -c" "EXTRA_COMPILER_FLAGS=-g"
Running Make include in ps7_cortexa9_0/libsrc/emacps_v3_1/src
make -C ps7_cortexa9_0/libsrc/emacps_v3_1/src -s include  "SHELL=/bin/sh" "COMPILER=arm-xilinx-eabi-gcc" "ARCHIVER=arm-xilinx-eabi-ar" "COMPILER_FLAGS=  -O2 -c" "EXTRA_COMPILER_FLAGS=-g"
Running Make include in ps7_cortexa9_0/libsrc/sdps_v2_6/src
make -C ps7_cortexa9_0/libsrc/sdps_v2_6/src -s include  "SHELL=/bin/sh" "COMPILER=arm-xilinx-eabi-gcc" "ARCHIVER=arm-xilinx-eabi-ar" "COMPILER_FLAGS=  -O2 -c" "EXTRA_COMPILER_FLAGS=-g"
Running Make include in ps7_cortexa9_0/libsrc/scugic_v3_1/src
make -C ps7_cortexa9_0/libsrc/scugic_v3_1/src -s include  "SHELL=/bin/sh" "COMPILER=arm-xilinx-eabi-gcc" "ARCHIVER=arm-xilinx-eabi-ar" "COMPILER_FLAGS=  -O2 -c" "EXTRA_COMPILER_FLAGS=-g"
Running Make include in ps7_cortexa9_0/libsrc/usbps_v2_2/src
make -C ps7_cortexa9_0/libsrc/usbps_v2_2/src -s include  "SHELL=/bin/sh" "COMPILER=arm-xilinx-eabi-gcc" "ARCHIVER=arm-xilinx-eabi-ar" "COMPILER_FLAGS=  -O2 -c" "EXTRA_COMPILER_FLAGS=-g"
Running Make include in ps7_cortexa9_0/libsrc/coresightps_dcc_v1_2/src
make -C ps7_cortexa9_0/libsrc/coresightps_dcc_v1_2/src -s include  "SHELL=/bin/sh" "COMPILER=arm-xilinx-eabi-gcc" "ARCHIVER=arm-xilinx-eabi-ar" "COMPILER_FLAGS=  -O2 -c" "EXTRA_COMPILER_FLAGS=-g"
Running Make include in ps7_cortexa9_0/libsrc/ttcps_v3_0/src
make -C ps7_cortexa9_0/libsrc/ttcps_v3_0/src -s include  "SHELL=/bin/sh" "COMPILER=arm-xilinx-eabi-gcc" "ARCHIVER=arm-xilinx-eabi-ar" "COMPILER_FLAGS=  -O2 -c" "EXTRA_COMPILER_FLAGS=-g"
Running Make include in ps7_cortexa9_0/libsrc/scutimer_v2_1/src
make -C ps7_cortexa9_0/libsrc/scutimer_v2_1/src -s include  "SHELL=/bin/sh" "COMPILER=arm-xilinx-eabi-gcc" "ARCHIVER=arm-xilinx-eabi-ar" "COMPILER_FLAGS=  -O2 -c" "EXTRA_COMPILER_FLAGS=-g"
Running Make include in ps7_cortexa9_0/libsrc/qspips_v3_2/src
make -C ps7_cortexa9_0/libsrc/qspips_v3_2/src -s include  "SHELL=/bin/sh" "COMPILER=arm-xilinx-eabi-gcc" "ARCHIVER=arm-xilinx-eabi-ar" "COMPILER_FLAGS=  -O2 -c" "EXTRA_COMPILER_FLAGS=-g"
Running Make libs in ps7_cortexa9_0/libsrc/ddrps_v1_0/src
make -C ps7_cortexa9_0/libsrc/ddrps_v1_0/src -s libs  "SHELL=/bin/sh" "COMPILER=arm-xilinx-eabi-gcc" "ARCHIVER=arm-xilinx-eabi-ar" "COMPILER_FLAGS=  -O2 -c" "EXTRA_COMPILER_FLAGS=-g"
Compiling ddrps
arm-xilinx-eabi-ar: creating ../../../lib/libxil.a
Running Make libs in ps7_cortexa9_0/libsrc/feature_v1_0/src
make -C ps7_cortexa9_0/libsrc/feature_v1_0/src -s libs  "SHELL=/bin/sh" "COMPILER=arm-xilinx-eabi-gcc" "ARCHIVER=arm-xilinx-eabi-ar" "COMPILER_FLAGS=  -O2 -c" "EXTRA_COMPILER_FLAGS=-g"
Compiling feature
Running Make libs in ps7_cortexa9_0/libsrc/uartps_v3_1/src
make -C ps7_cortexa9_0/libsrc/uartps_v3_1/src -s libs  "SHELL=/bin/sh" "COMPILER=arm-xilinx-eabi-gcc" "ARCHIVER=arm-xilinx-eabi-ar" "COMPILER_FLAGS=  -O2 -c" "EXTRA_COMPILER_FLAGS=-g"
Compiling uartps
Running Make libs in ps7_cortexa9_0/libsrc/devcfg_v3_3/src
make -C ps7_cortexa9_0/libsrc/devcfg_v3_3/src -s libs  "SHELL=/bin/sh" "COMPILER=arm-xilinx-eabi-gcc" "ARCHIVER=arm-xilinx-eabi-ar" "COMPILER_FLAGS=  -O2 -c" "EXTRA_COMPILER_FLAGS=-g"
Compiling devcfg
Running Make libs in ps7_cortexa9_0/libsrc/xadcps_v2_2/src
make -C ps7_cortexa9_0/libsrc/xadcps_v2_2/src -s libs  "SHELL=/bin/sh" "COMPILER=arm-xilinx-eabi-gcc" "ARCHIVER=arm-xilinx-eabi-ar" "COMPILER_FLAGS=  -O2 -c" "EXTRA_COMPILER_FLAGS=-g"
Compiling xadcps
Running Make libs in ps7_cortexa9_0/libsrc/dmaps_v2_1/src
make -C ps7_cortexa9_0/libsrc/dmaps_v2_1/src -s libs  "SHELL=/bin/sh" "COMPILER=arm-xilinx-eabi-gcc" "ARCHIVER=arm-xilinx-eabi-ar" "COMPILER_FLAGS=  -O2 -c" "EXTRA_COMPILER_FLAGS=-g"
Compiling dmaps
Running Make libs in ps7_cortexa9_0/libsrc/gpiops_v3_1/src
make -C ps7_cortexa9_0/libsrc/gpiops_v3_1/src -s libs  "SHELL=/bin/sh" "COMPILER=arm-xilinx-eabi-gcc" "ARCHIVER=arm-xilinx-eabi-ar" "COMPILER_FLAGS=  -O2 -c" "EXTRA_COMPILER_FLAGS=-g"
Compiling gpiops
Running Make libs in ps7_cortexa9_0/libsrc/canps_v3_0/src
make -C ps7_cortexa9_0/libsrc/canps_v3_0/src -s libs  "SHELL=/bin/sh" "COMPILER=arm-xilinx-eabi-gcc" "ARCHIVER=arm-xilinx-eabi-ar" "COMPILER_FLAGS=  -O2 -c" "EXTRA_COMPILER_FLAGS=-g"
Compiling canps
Running Make libs in ps7_cortexa9_0/libsrc/scuwdt_v2_1/src
make -C ps7_cortexa9_0/libsrc/scuwdt_v2_1/src -s libs  "SHELL=/bin/sh" "COMPILER=arm-xilinx-eabi-gcc" "ARCHIVER=arm-xilinx-eabi-ar" "COMPILER_FLAGS=  -O2 -c" "EXTRA_COMPILER_FLAGS=-g"
Compiling scuwdt
Running Make libs in ps7_cortexa9_0/libsrc/cpu_cortexa9_v2_1/src
make -C ps7_cortexa9_0/libsrc/cpu_cortexa9_v2_1/src -s libs  "SHELL=/bin/sh" "COMPILER=arm-xilinx-eabi-gcc" "ARCHIVER=arm-xilinx-eabi-ar" "COMPILER_FLAGS=  -O2 -c" "EXTRA_COMPILER_FLAGS=-g"
Compiling cpu_cortexa9
Running Make libs in ps7_cortexa9_0/libsrc/standalone_v5_3/src
make -C ps7_cortexa9_0/libsrc/standalone_v5_3/src -s libs  "SHELL=/bin/sh" "COMPILER=arm-xilinx-eabi-gcc" "ARCHIVER=arm-xilinx-eabi-ar" "COMPILER_FLAGS=  -O2 -c" "EXTRA_COMPILER_FLAGS=-g"
Compiling standalone
Running Make libs in ps7_cortexa9_0/libsrc/iicps_v3_0/src
make -C ps7_cortexa9_0/libsrc/iicps_v3_0/src -s libs  "SHELL=/bin/sh" "COMPILER=arm-xilinx-eabi-gcc" "ARCHIVER=arm-xilinx-eabi-ar" "COMPILER_FLAGS=  -O2 -c" "EXTRA_COMPILER_FLAGS=-g"
Compiling iicps
Running Make libs in ps7_cortexa9_0/libsrc/bgsub_v1_0/src
make -C ps7_cortexa9_0/libsrc/bgsub_v1_0/src -s libs  "SHELL=/bin/sh" "COMPILER=arm-xilinx-eabi-gcc" "ARCHIVER=arm-xilinx-eabi-ar" "COMPILER_FLAGS=  -O2 -c" "EXTRA_COMPILER_FLAGS=-g"
Compiling bgsub
Running Make libs in ps7_cortexa9_0/libsrc/emacps_v3_1/src
make -C ps7_cortexa9_0/libsrc/emacps_v3_1/src -s libs  "SHELL=/bin/sh" "COMPILER=arm-xilinx-eabi-gcc" "ARCHIVER=arm-xilinx-eabi-ar" "COMPILER_FLAGS=  -O2 -c" "EXTRA_COMPILER_FLAGS=-g"
Compiling emacps
Running Make libs in ps7_cortexa9_0/libsrc/sdps_v2_6/src
make -C ps7_cortexa9_0/libsrc/sdps_v2_6/src -s libs  "SHELL=/bin/sh" "COMPILER=arm-xilinx-eabi-gcc" "ARCHIVER=arm-xilinx-eabi-ar" "COMPILER_FLAGS=  -O2 -c" "EXTRA_COMPILER_FLAGS=-g"
Compiling sdps
Running Make libs in ps7_cortexa9_0/libsrc/scugic_v3_1/src
make -C ps7_cortexa9_0/libsrc/scugic_v3_1/src -s libs  "SHELL=/bin/sh" "COMPILER=arm-xilinx-eabi-gcc" "ARCHIVER=arm-xilinx-eabi-ar" "COMPILER_FLAGS=  -O2 -c" "EXTRA_COMPILER_FLAGS=-g"
Compiling scugic
Running Make libs in ps7_cortexa9_0/libsrc/usbps_v2_2/src
make -C ps7_cortexa9_0/libsrc/usbps_v2_2/src -s libs  "SHELL=/bin/sh" "COMPILER=arm-xilinx-eabi-gcc" "ARCHIVER=arm-xilinx-eabi-ar" "COMPILER_FLAGS=  -O2 -c" "EXTRA_COMPILER_FLAGS=-g"
Compiling usbps
Running Make libs in ps7_cortexa9_0/libsrc/coresightps_dcc_v1_2/src
make -C ps7_cortexa9_0/libsrc/coresightps_dcc_v1_2/src -s libs  "SHELL=/bin/sh" "COMPILER=arm-xilinx-eabi-gcc" "ARCHIVER=arm-xilinx-eabi-ar" "COMPILER_FLAGS=  -O2 -c" "EXTRA_COMPILER_FLAGS=-g"
Compiling coresightps_dcc
Running Make libs in ps7_cortexa9_0/libsrc/ttcps_v3_0/src
make -C ps7_cortexa9_0/libsrc/ttcps_v3_0/src -s libs  "SHELL=/bin/sh" "COMPILER=arm-xilinx-eabi-gcc" "ARCHIVER=arm-xilinx-eabi-ar" "COMPILER_FLAGS=  -O2 -c" "EXTRA_COMPILER_FLAGS=-g"
Compiling ttcps
Running Make libs in ps7_cortexa9_0/libsrc/scutimer_v2_1/src
make -C ps7_cortexa9_0/libsrc/scutimer_v2_1/src -s libs  "SHELL=/bin/sh" "COMPILER=arm-xilinx-eabi-gcc" "ARCHIVER=arm-xilinx-eabi-ar" "COMPILER_FLAGS=  -O2 -c" "EXTRA_COMPILER_FLAGS=-g"
Compiling scutimer
Running Make libs in ps7_cortexa9_0/libsrc/qspips_v3_2/src
make -C ps7_cortexa9_0/libsrc/qspips_v3_2/src -s libs  "SHELL=/bin/sh" "COMPILER=arm-xilinx-eabi-gcc" "ARCHIVER=arm-xilinx-eabi-ar" "COMPILER_FLAGS=  -O2 -c" "EXTRA_COMPILER_FLAGS=-g"
Compiling qspips
Finished building libraries
18:27:12 **** Build of configuration Debug for project test ****
make all 
Building file: ../src/main.cc
Invoking: ARM g++ compiler
arm-xilinx-eabi-g++ -Wall -O0 -g3 -c -fmessage-length=0 -MT"src/main.o" -I../../test_bsp/ps7_cortexa9_0/include -MMD -MP -MF"src/main.d" -MT"src/main.d" -o "src/main.o" "../src/main.cc"
Finished building: ../src/main.cc
 
Building target: test.elf
Invoking: ARM g++ linker
arm-xilinx-eabi-g++ -Wl,-T -Wl,../src/lscript.ld -L../../test_bsp/ps7_cortexa9_0/lib -o "test.elf"  ./src/main.o   -Wl,--start-group,-lxil,-lgcc,-lc,-lstdc++,--end-group
Finished building target: test.elf
 
Invoking: ARM Print Size
arm-xilinx-eabi-size test.elf  |tee "test.elf.size"
   text	   data	    bss	    dec	    hex	filename
  19388	   1152	  22572	  43112	   a868	test.elf
Finished building: test.elf.size
 
18:29:19 **** Auto Build of configuration Debug for project test ****
make all 
Building file: ../src/main.cc
Invoking: ARM g++ compiler
arm-xilinx-eabi-g++ -Wall -O0 -g3 -c -fmessage-length=0 -MT"src/main.o" -I../../test_bsp/ps7_cortexa9_0/include -MMD -MP -MF"src/main.d" -MT"src/main.d" -o "src/main.o" "../src/main.cc"
Finished building: ../src/main.cc
 
Building target: test.elf
Invoking: ARM g++ linker
arm-xilinx-eabi-g++ -Wl,-T -Wl,../src/lscript.ld -L../../test_bsp/ps7_cortexa9_0/lib -o "test.elf"  ./src/main.o   -Wl,--start-group,-lxil,-lgcc,-lc,-lstdc++,--end-group
Finished building target: test.elf
 
Invoking: ARM Print Size
arm-xilinx-eabi-size test.elf  |tee "test.elf.size"
   text	   data	    bss	    dec	    hex	filename
  19388	   1152	  22572	  43112	   a868	test.elf
Finished building: test.elf.size
 
18:33:19 **** Auto Build of configuration Debug for project test ****
make all 
Building file: ../src/main.cc
Invoking: ARM g++ compiler
arm-xilinx-eabi-g++ -Wall -O0 -g3 -c -fmessage-length=0 -MT"src/main.o" -I../../test_bsp/ps7_cortexa9_0/include -MMD -MP -MF"src/main.d" -MT"src/main.d" -o "src/main.o" "../src/main.cc"
Finished building: ../src/main.cc
 
Building target: test.elf
Invoking: ARM g++ linker
arm-xilinx-eabi-g++ -Wl,-T -Wl,../src/lscript.ld -L../../test_bsp/ps7_cortexa9_0/lib -o "test.elf"  ./src/main.o   -Wl,--start-group,-lxil,-lgcc,-lc,-lstdc++,--end-group
Finished building target: test.elf
 
Invoking: ARM Print Size
arm-xilinx-eabi-size test.elf  |tee "test.elf.size"
   text	   data	    bss	    dec	    hex	filename
  19388	   1152	  22572	  43112	   a868	test.elf
Finished building: test.elf.size
 
18:35:03 **** Auto Build of configuration Debug for project test ****
make all 
Building file: ../src/main.cc
Invoking: ARM g++ compiler
arm-xilinx-eabi-g++ -Wall -O0 -g3 -c -fmessage-length=0 -MT"src/main.o" -I../../test_bsp/ps7_cortexa9_0/include -MMD -MP -MF"src/main.d" -MT"src/main.d" -o "src/main.o" "../src/main.cc"
Finished building: ../src/main.cc
 
Building target: test.elf
Invoking: ARM g++ linker
arm-xilinx-eabi-g++ -Wl,-T -Wl,../src/lscript.ld -L../../test_bsp/ps7_cortexa9_0/lib -o "test.elf"  ./src/main.o   -Wl,--start-group,-lxil,-lgcc,-lc,-lstdc++,--end-group
Finished building target: test.elf
 
Invoking: ARM Print Size
arm-xilinx-eabi-size test.elf  |tee "test.elf.size"
   text	   data	    bss	    dec	    hex	filename
  19388	 308352	  22572	 350312	  55868	test.elf
Finished building: test.elf.size
 
18:35:12 **** Auto Build of configuration Debug for project test ****
make all 
Building file: ../src/main.cc
Invoking: ARM g++ compiler
arm-xilinx-eabi-g++ -Wall -O0 -g3 -c -fmessage-length=0 -MT"src/main.o" -I../../test_bsp/ps7_cortexa9_0/include -MMD -MP -MF"src/main.d" -MT"src/main.d" -o "src/main.o" "../src/main.cc"
Finished building: ../src/main.cc
 
Building target: test.elf
Invoking: ARM g++ linker
arm-xilinx-eabi-g++ -Wl,-T -Wl,../src/lscript.ld -L../../test_bsp/ps7_cortexa9_0/lib -o "test.elf"  ./src/main.o   -Wl,--start-group,-lxil,-lgcc,-lc,-lstdc++,--end-group
Finished building target: test.elf
 
Invoking: ARM Print Size
arm-xilinx-eabi-size test.elf  |tee "test.elf.size"
   text	   data	    bss	    dec	    hex	filename
  19388	 308352	  22572	 350312	  55868	test.elf
Finished building: test.elf.size
 
18:36:25 **** Auto Build of configuration Debug for project test ****
make all 
Building file: ../src/main.cc
Invoking: ARM g++ compiler
arm-xilinx-eabi-g++ -Wall -O0 -g3 -c -fmessage-length=0 -MT"src/main.o" -I../../test_bsp/ps7_cortexa9_0/include -MMD -MP -MF"src/main.d" -MT"src/main.d" -o "src/main.o" "../src/main.cc"
Finished building: ../src/main.cc
 
Building target: test.elf
Invoking: ARM g++ linker
arm-xilinx-eabi-g++ -Wl,-T -Wl,../src/lscript.ld -L../../test_bsp/ps7_cortexa9_0/lib -o "test.elf"  ./src/main.o   -Wl,--start-group,-lxil,-lgcc,-lc,-lstdc++,--end-group
Finished building target: test.elf
 
Invoking: ARM Print Size
arm-xilinx-eabi-size test.elf  |tee "test.elf.size"
   text	   data	    bss	    dec	    hex	filename
  19388	 308368	  22572	 350328	  55878	test.elf
Finished building: test.elf.size
 
18:37:34 **** Auto Build of configuration Debug for project test ****
make all 
Building file: ../src/main.cc
Invoking: ARM g++ compiler
arm-xilinx-eabi-g++ -Wall -O0 -g3 -c -fmessage-length=0 -MT"src/main.o" -I../../test_bsp/ps7_cortexa9_0/include -MMD -MP -MF"src/main.d" -MT"src/main.d" -o "src/main.o" "../src/main.cc"
../src/main.cc:26:39: error: 'M_AXI_BOUNDING' was not declared in this scope
 uint16_t * m_axi_bound = (uint16_t *) M_AXI_BOUNDING;
                                       ^
../src/main.cc:27:41: error: 'M_AXI_FEATUREH' was not declared in this scope
 uint16_t * m_axi_feature = (uint16_t *) M_AXI_FEATUREH;
                                         ^
make: *** [src/main.o] Error 1
src/subdir.mk:21: recipe for target 'src/main.o' failed
18:38:04 **** Auto Build of configuration Debug for project test ****
make all 
Building file: ../src/main.cc
Invoking: ARM g++ compiler
arm-xilinx-eabi-g++ -Wall -O0 -g3 -c -fmessage-length=0 -MT"src/main.o" -I../../test_bsp/ps7_cortexa9_0/include -MMD -MP -MF"src/main.d" -MT"src/main.d" -o "src/main.o" "../src/main.cc"
Finished building: ../src/main.cc
 
Building target: test.elf
Invoking: ARM g++ linker
arm-xilinx-eabi-g++ -Wl,-T -Wl,../src/lscript.ld -L../../test_bsp/ps7_cortexa9_0/lib -o "test.elf"  ./src/main.o   -Wl,--start-group,-lxil,-lgcc,-lc,-lstdc++,--end-group
Finished building target: test.elf
 
Invoking: ARM Print Size
arm-xilinx-eabi-size test.elf  |tee "test.elf.size"
   text	   data	    bss	    dec	    hex	filename
  19388	 308368	  22572	 350328	  55878	test.elf
Finished building: test.elf.size
 
18:38:43 **** Auto Build of configuration Debug for project test ****
make all 
Building file: ../src/main.cc
Invoking: ARM g++ compiler
arm-xilinx-eabi-g++ -Wall -O0 -g3 -c -fmessage-length=0 -MT"src/main.o" -I../../test_bsp/ps7_cortexa9_0/include -MMD -MP -MF"src/main.d" -MT"src/main.d" -o "src/main.o" "../src/main.cc"
Finished building: ../src/main.cc
 
Building target: test.elf
Invoking: ARM g++ linker
arm-xilinx-eabi-g++ -Wl,-T -Wl,../src/lscript.ld -L../../test_bsp/ps7_cortexa9_0/lib -o "test.elf"  ./src/main.o   -Wl,--start-group,-lxil,-lgcc,-lc,-lstdc++,--end-group
Finished building target: test.elf
 
Invoking: ARM Print Size
arm-xilinx-eabi-size test.elf  |tee "test.elf.size"
   text	   data	    bss	    dec	    hex	filename
  19388	 308384	  22572	 350344	  55888	test.elf
Finished building: test.elf.size
 
18:39:42 **** Auto Build of configuration Debug for project test ****
make all 
Building file: ../src/main.cc
Invoking: ARM g++ compiler
arm-xilinx-eabi-g++ -Wall -O0 -g3 -c -fmessage-length=0 -MT"src/main.o" -I../../test_bsp/ps7_cortexa9_0/include -MMD -MP -MF"src/main.d" -MT"src/main.d" -o "src/main.o" "../src/main.cc"
Finished building: ../src/main.cc
 
Building target: test.elf
Invoking: ARM g++ linker
arm-xilinx-eabi-g++ -Wl,-T -Wl,../src/lscript.ld -L../../test_bsp/ps7_cortexa9_0/lib -o "test.elf"  ./src/main.o   -Wl,--start-group,-lxil,-lgcc,-lc,-lstdc++,--end-group
Finished building target: test.elf
 
Invoking: ARM Print Size
arm-xilinx-eabi-size test.elf  |tee "test.elf.size"
   text	   data	    bss	    dec	    hex	filename
  19388	 308384	  22588	 350360	  55898	test.elf
Finished building: test.elf.size
 
18:41:41 **** Auto Build of configuration Debug for project test ****
make all 
Building file: ../src/main.cc
Invoking: ARM g++ compiler
arm-xilinx-eabi-g++ -Wall -O0 -g3 -c -fmessage-length=0 -MT"src/main.o" -I../../test_bsp/ps7_cortexa9_0/include -MMD -MP -MF"src/main.d" -MT"src/main.d" -o "src/main.o" "../src/main.cc"
../src/main.cc: In function 'int main()':
../src/main.cc:42:31: error: 'XPAR_BACKSUB_0_DEVICE_ID' was not declared in this scope
  XBacksub_Initialize(&backsub,XPAR_BACKSUB_0_DEVICE_ID);
                               ^
../src/main.cc:42:55: error: 'XBacksub_Initialize' was not declared in this scope
  XBacksub_Initialize(&backsub,XPAR_BACKSUB_0_DEVICE_ID);
                                                       ^
../src/main.cc:49:50: error: 'XBacksub_Set_frame_in' was not declared in this scope
  XBacksub_Set_frame_in(&backsub,(u32)TX_BASE_ADDR);
                                                  ^
../src/main.cc:50:51: error: 'XBacksub_Set_frame_out' was not declared in this scope
  XBacksub_Set_frame_out(&backsub,(u32)RX_BASE_ADDR);
                                                   ^
../src/main.cc:51:33: error: 'XBacksub_Set_init' was not declared in this scope
  XBacksub_Set_init(&backsub,true);
                                 ^
../src/main.cc:54:25: error: 'XBacksub_Start' was not declared in this scope
  XBacksub_Start(&backsub);
                         ^
../src/main.cc:56:33: error: 'XBacksub_IsDone' was not declared in this scope
  while(!XBacksub_IsDone(&backsub));
                                 ^
../src/main.cc:63:38: error: 'M_AXI_BOUNDING' was not declared in this scope
  XFeature_Set_bounding(&feature,(u32)M_AXI_BOUNDING);
                                      ^
../src/main.cc:64:38: error: 'M_AXI_FEATUREH' was not declared in this scope
  XFeature_Set_featureh(&feature,(u32)M_AXI_FEATUREH);
                                      ^
../src/main.cc:68:2: error: 'm_axi_bound' was not declared in this scope
  m_axi_bound[0] = 64;
  ^
src/subdir.mk:21: recipe for target 'src/main.o' failed
make: *** [src/main.o] Error 1
18:42:46 **** Auto Build of configuration Debug for project test ****
make all 
Building file: ../src/main.cc
Invoking: ARM g++ compiler
arm-xilinx-eabi-g++ -Wall -O0 -g3 -c -fmessage-length=0 -MT"src/main.o" -I../../test_bsp/ps7_cortexa9_0/include -MMD -MP -MF"src/main.d" -MT"src/main.d" -o "src/main.o" "../src/main.cc"
../src/main.cc: In function 'int main()':
../src/main.cc:49:50: error: 'XBacksub_Set_frame_in' was not declared in this scope
  XBacksub_Set_frame_in(&backsub,(u32)TX_BASE_ADDR);
                                                  ^
../src/main.cc:50:51: error: 'XBacksub_Set_frame_out' was not declared in this scope
  XBacksub_Set_frame_out(&backsub,(u32)RX_BASE_ADDR);
                                                   ^
../src/main.cc:51:33: error: 'XBacksub_Set_init' was not declared in this scope
  XBacksub_Set_init(&backsub,true);
                                 ^
../src/main.cc:54:25: error: 'XBacksub_Start' was not declared in this scope
  XBacksub_Start(&backsub);
                         ^
../src/main.cc:56:33: error: 'XBacksub_IsDone' was not declared in this scope
  while(!XBacksub_IsDone(&backsub));
                                 ^
../src/main.cc:63:38: error: 'M_AXI_BOUNDING' was not declared in this scope
  XFeature_Set_bounding(&feature,(u32)M_AXI_BOUNDING);
                                      ^
../src/main.cc:64:38: error: 'M_AXI_FEATUREH' was not declared in this scope
  XFeature_Set_featureh(&feature,(u32)M_AXI_FEATUREH);
                                      ^
make: *** [src/main.o] Error 1
src/subdir.mk:21: recipe for target 'src/main.o' failed
18:43:09 **** Auto Build of configuration Debug for project test ****
make all 
Building file: ../src/main.cc
Invoking: ARM g++ compiler
arm-xilinx-eabi-g++ -Wall -O0 -g3 -c -fmessage-length=0 -MT"src/main.o" -I../../test_bsp/ps7_cortexa9_0/include -MMD -MP -MF"src/main.d" -MT"src/main.d" -o "src/main.o" "../src/main.cc"
../src/main.cc: In function 'int main()':
../src/main.cc:54:25: error: 'XBacksub_Start' was not declared in this scope
  XBacksub_Start(&backsub);
                         ^
../src/main.cc:56:33: error: 'XBacksub_IsDone' was not declared in this scope
  while(!XBacksub_IsDone(&backsub));
                                 ^
../src/main.cc:63:38: error: 'M_AXI_BOUNDING' was not declared in this scope
  XFeature_Set_bounding(&feature,(u32)M_AXI_BOUNDING);
                                      ^
../src/main.cc:64:38: error: 'M_AXI_FEATUREH' was not declared in this scope
  XFeature_Set_featureh(&feature,(u32)M_AXI_FEATUREH);
                                      ^
src/subdir.mk:21: recipe for target 'src/main.o' failed
make: *** [src/main.o] Error 1
18:43:32 **** Auto Build of configuration Debug for project test ****
make all 
Building file: ../src/main.cc
Invoking: ARM g++ compiler
arm-xilinx-eabi-g++ -Wall -O0 -g3 -c -fmessage-length=0 -MT"src/main.o" -I../../test_bsp/ps7_cortexa9_0/include -MMD -MP -MF"src/main.d" -MT"src/main.d" -o "src/main.o" "../src/main.cc"
../src/main.cc: In function 'int main()':
../src/main.cc:63:38: error: 'M_AXI_BOUNDING' was not declared in this scope
  XFeature_Set_bounding(&feature,(u32)M_AXI_BOUNDING);
                                      ^
../src/main.cc:64:38: error: 'M_AXI_FEATUREH' was not declared in this scope
  XFeature_Set_featureh(&feature,(u32)M_AXI_FEATUREH);
                                      ^
src/subdir.mk:21: recipe for target 'src/main.o' failed
make: *** [src/main.o] Error 1
18:44:12 **** Auto Build of configuration Debug for project test ****
make all 
Building file: ../src/main.cc
Invoking: ARM g++ compiler
arm-xilinx-eabi-g++ -Wall -O0 -g3 -c -fmessage-length=0 -MT"src/main.o" -I../../test_bsp/ps7_cortexa9_0/include -MMD -MP -MF"src/main.d" -MT"src/main.d" -o "src/main.o" "../src/main.cc"
Finished building: ../src/main.cc
 
Building target: test.elf
Invoking: ARM g++ linker
arm-xilinx-eabi-g++ -Wl,-T -Wl,../src/lscript.ld -L../../test_bsp/ps7_cortexa9_0/lib -o "test.elf"  ./src/main.o   -Wl,--start-group,-lxil,-lgcc,-lc,-lstdc++,--end-group
Finished building target: test.elf
 
Invoking: ARM Print Size
arm-xilinx-eabi-size test.elf  |tee "test.elf.size"
   text	   data	    bss	    dec	    hex	filename
  73088	 309600	  22676	 405364	  62f74	test.elf
Finished building: test.elf.size
 
18:44:51 **** Auto Build of configuration Debug for project test ****
make all 
Building file: ../src/main.cc
Invoking: ARM g++ compiler
arm-xilinx-eabi-g++ -Wall -O0 -g3 -c -fmessage-length=0 -MT"src/main.o" -I../../test_bsp/ps7_cortexa9_0/include -MMD -MP -MF"src/main.d" -MT"src/main.d" -o "src/main.o" "../src/main.cc"
../src/main.cc: In function 'int main()':
../src/main.cc:40:22: warning: unused variable 't2' [-Wunused-variable]
  XTime tStart, tEnd, t2;
                      ^
Finished building: ../src/main.cc
 
Building target: test.elf
Invoking: ARM g++ linker
arm-xilinx-eabi-g++ -Wl,-T -Wl,../src/lscript.ld -L../../test_bsp/ps7_cortexa9_0/lib -o "test.elf"  ./src/main.o   -Wl,--start-group,-lxil,-lgcc,-lc,-lstdc++,--end-group
Finished building target: test.elf
 
Invoking: ARM Print Size
arm-xilinx-eabi-size test.elf  |tee "test.elf.size"
   text	   data	    bss	    dec	    hex	filename
  73088	 309600	  22676	 405364	  62f74	test.elf
Finished building: test.elf.size
 
18:46:25 **** Auto Build of configuration Debug for project test ****
make all 
Building file: ../src/main.cc
Invoking: ARM g++ compiler
arm-xilinx-eabi-g++ -Wall -O0 -g3 -c -fmessage-length=0 -MT"src/main.o" -I../../test_bsp/ps7_cortexa9_0/include -MMD -MP -MF"src/main.d" -MT"src/main.d" -o "src/main.o" "../src/main.cc"
Finished building: ../src/main.cc
 
Building target: test.elf
Invoking: ARM g++ linker
arm-xilinx-eabi-g++ -Wl,-T -Wl,../src/lscript.ld -L../../test_bsp/ps7_cortexa9_0/lib -o "test.elf"  ./src/main.o   -Wl,--start-group,-lxil,-lgcc,-lc,-lstdc++,--end-group
Finished building target: test.elf
 
Invoking: ARM Print Size
arm-xilinx-eabi-size test.elf  |tee "test.elf.size"
   text	   data	    bss	    dec	    hex	filename
  73152	 309600	  22676	 405428	  62fb4	test.elf
Finished building: test.elf.size
 
18:47:32 **** Auto Build of configuration Debug for project test ****
make all 
Building file: ../src/main.cc
Invoking: ARM g++ compiler
arm-xilinx-eabi-g++ -Wall -O0 -g3 -c -fmessage-length=0 -MT"src/main.o" -I../../test_bsp/ps7_cortexa9_0/include -MMD -MP -MF"src/main.d" -MT"src/main.d" -o "src/main.o" "../src/main.cc"
Finished building: ../src/main.cc
 
Building target: test.elf
Invoking: ARM g++ linker
arm-xilinx-eabi-g++ -Wl,-T -Wl,../src/lscript.ld -L../../test_bsp/ps7_cortexa9_0/lib -o "test.elf"  ./src/main.o   -Wl,--start-group,-lxil,-lgcc,-lc,-lstdc++,--end-group
Finished building target: test.elf
 
Invoking: ARM Print Size
arm-xilinx-eabi-size test.elf  |tee "test.elf.size"
   text	   data	    bss	    dec	    hex	filename
  73184	 309600	  22676	 405460	  62fd4	test.elf
Finished building: test.elf.size
 
18:47:47 **** Auto Build of configuration Debug for project test ****
make all 
Building file: ../src/main.cc
Invoking: ARM g++ compiler
arm-xilinx-eabi-g++ -Wall -O0 -g3 -c -fmessage-length=0 -MT"src/main.o" -I../../test_bsp/ps7_cortexa9_0/include -MMD -MP -MF"src/main.d" -MT"src/main.d" -o "src/main.o" "../src/main.cc"
Finished building: ../src/main.cc
 
Building target: test.elf
Invoking: ARM g++ linker
arm-xilinx-eabi-g++ -Wl,-T -Wl,../src/lscript.ld -L../../test_bsp/ps7_cortexa9_0/lib -o "test.elf"  ./src/main.o   -Wl,--start-group,-lxil,-lgcc,-lc,-lstdc++,--end-group
Finished building target: test.elf
 
Invoking: ARM Print Size
arm-xilinx-eabi-size test.elf  |tee "test.elf.size"
   text	   data	    bss	    dec	    hex	filename
  73184	 309600	  22676	 405460	  62fd4	test.elf
Finished building: test.elf.size
 
18:57:02 **** Incremental Build of configuration Debug for project test ****
make all 
make: Nothing to be done for 'all'.
18:58:16 **** Auto Build of configuration Debug for project test ****
make all 
Building file: ../src/main.cc
Invoking: ARM g++ compiler
arm-xilinx-eabi-g++ -Wall -O0 -g3 -c -fmessage-length=0 -MT"src/main.o" -I../../test_bsp/ps7_cortexa9_0/include -MMD -MP -MF"src/main.d" -MT"src/main.d" -o "src/main.o" "../src/main.cc"
../src/main.cc: In function 'int main()':
../src/main.cc:45:23: error: 'feature' was not declared in this scope
  XFeature_Initialize(&feature,XPAR_FEATURE_0_DEVICE_ID);
                       ^
src/subdir.mk:21: recipe for target 'src/main.o' failed
make: *** [src/main.o] Error 1
18:58:51 **** Auto Build of configuration Debug for project test ****
make all 
Building file: ../src/main.cc
Invoking: ARM g++ compiler
arm-xilinx-eabi-g++ -Wall -O0 -g3 -c -fmessage-length=0 -MT"src/main.o" -I../../test_bsp/ps7_cortexa9_0/include -MMD -MP -MF"src/main.d" -MT"src/main.d" -o "src/main.o" "../src/main.cc"
../src/main.cc: In function 'int main()':
../src/main.cc:70:25: error: 'feature' was not declared in this scope
  XFeature_Set_frame_in(&feature,(u32)TX_BASE_ADDR);
                         ^
src/subdir.mk:21: recipe for target 'src/main.o' failed
make: *** [src/main.o] Error 1
18:59:17 **** Auto Build of configuration Debug for project test ****
make all 
Building file: ../src/main.cc
Invoking: ARM g++ compiler
arm-xilinx-eabi-g++ -Wall -O0 -g3 -c -fmessage-length=0 -MT"src/main.o" -I../../test_bsp/ps7_cortexa9_0/include -MMD -MP -MF"src/main.d" -MT"src/main.d" -o "src/main.o" "../src/main.cc"
../src/main.cc: In function 'int main()':
../src/main.cc:83:18: error: 'feature' was not declared in this scope
  XFeature_Start(&feature);
                  ^
make: *** [src/main.o] Error 1
src/subdir.mk:21: recipe for target 'src/main.o' failed
18:59:31 **** Auto Build of configuration Debug for project test ****
make all 
Building file: ../src/main.cc
Invoking: ARM g++ compiler
arm-xilinx-eabi-g++ -Wall -O0 -g3 -c -fmessage-length=0 -MT"src/main.o" -I../../test_bsp/ps7_cortexa9_0/include -MMD -MP -MF"src/main.d" -MT"src/main.d" -o "src/main.o" "../src/main.cc"
Finished building: ../src/main.cc
 
Building target: test.elf
Invoking: ARM g++ linker
arm-xilinx-eabi-g++ -Wl,-T -Wl,../src/lscript.ld -L../../test_bsp/ps7_cortexa9_0/lib -o "test.elf"  ./src/main.o   -Wl,--start-group,-lxil,-lgcc,-lc,-lstdc++,--end-group
Finished building target: test.elf
 
Invoking: ARM Print Size
arm-xilinx-eabi-size test.elf  |tee "test.elf.size"
   text	   data	    bss	    dec	    hex	filename
  73248	 309600	  22692	 405540	  63024	test.elf
Finished building: test.elf.size
 
18:59:41 **** Incremental Build of configuration Debug for project test ****
make all 
make: Nothing to be done for 'all'.
19:00:20 **** Incremental Build of configuration Debug for project test ****
make all 
make: Nothing to be done for 'all'.
19:01:24 **** Incremental Build of configuration Debug for project test ****
make all 
make: Nothing to be done for 'all'.
19:03:08 **** Incremental Build of configuration Debug for project test ****
make all 
make: Nothing to be done for 'all'.
19:10:16 **** Incremental Build of configuration Debug for project test ****
make all 
make: Nothing to be done for 'all'.
19:13:29 **** Incremental Build of configuration Debug for project test ****
make all 
make: Nothing to be done for 'all'.
19:13:44 **** Incremental Build of configuration Debug for project test ****
make all 
make: Nothing to be done for 'all'.
19:14:45 **** Auto Build of configuration Debug for project test ****
make all 
Building file: ../src/main.cc
Invoking: ARM g++ compiler
arm-xilinx-eabi-g++ -Wall -O0 -g3 -c -fmessage-length=0 -MT"src/main.o" -I../../test_bsp/ps7_cortexa9_0/include -MMD -MP -MF"src/main.d" -MT"src/main.d" -o "src/main.o" "../src/main.cc"
Finished building: ../src/main.cc
 
Building target: test.elf
Invoking: ARM g++ linker
arm-xilinx-eabi-g++ -Wl,-T -Wl,../src/lscript.ld -L../../test_bsp/ps7_cortexa9_0/lib -o "test.elf"  ./src/main.o   -Wl,--start-group,-lxil,-lgcc,-lc,-lstdc++,--end-group
Finished building target: test.elf
 
Invoking: ARM Print Size
arm-xilinx-eabi-size test.elf  |tee "test.elf.size"
   text	   data	    bss	    dec	    hex	filename
  75232	 309608	  22692	 407532	  637ec	test.elf
Finished building: test.elf.size
 
19:15:01 **** Incremental Build of configuration Debug for project test ****
make all 
make: Nothing to be done for 'all'.
19:16:18 **** Incremental Build of configuration Debug for project test ****
make all 
make: Nothing to be done for 'all'.
19:16:57 **** Incremental Build of configuration Debug for project test ****
make all 
make: Nothing to be done for 'all'.
19:17:37 **** Incremental Build of configuration Debug for project test ****
make all 
make: Nothing to be done for 'all'.
19:19:27 **** Auto Build of configuration Debug for project test ****
make all 
Building file: ../src/main.cc
Invoking: ARM g++ compiler
arm-xilinx-eabi-g++ -Wall -O0 -g3 -c -fmessage-length=0 -MT"src/main.o" -I../../test_bsp/ps7_cortexa9_0/include -MMD -MP -MF"src/main.d" -MT"src/main.d" -o "src/main.o" "../src/main.cc"
../src/main.cc: In function 'int main()':
../src/main.cc:67:40: error: 'Xil_printf' was not declared in this scope
  Xil_printf("Backsub IP core is done\n");
                                        ^
src/subdir.mk:21: recipe for target 'src/main.o' failed
make: *** [src/main.o] Error 1
19:19:31 **** Incremental Build of configuration Debug for project test ****
make all 
Building file: ../src/main.cc
Invoking: ARM g++ compiler
arm-xilinx-eabi-g++ -Wall -O0 -g3 -c -fmessage-length=0 -MT"src/main.o" -I../../test_bsp/ps7_cortexa9_0/include -MMD -MP -MF"src/main.d" -MT"src/main.d" -o "src/main.o" "../src/main.cc"
../src/main.cc: In function 'int main()':
../src/main.cc:67:40: error: 'Xil_printf' was not declared in this scope
  Xil_printf("Backsub IP core is done\n");
                                        ^
make: *** [src/main.o] Error 1
src/subdir.mk:21: recipe for target 'src/main.o' failed
19:20:21 **** Auto Build of configuration Debug for project test ****
make all 
Building file: ../src/main.cc
Invoking: ARM g++ compiler
arm-xilinx-eabi-g++ -Wall -O0 -g3 -c -fmessage-length=0 -MT"src/main.o" -I../../test_bsp/ps7_cortexa9_0/include -MMD -MP -MF"src/main.d" -MT"src/main.d" -o "src/main.o" "../src/main.cc"
Finished building: ../src/main.cc
 
Building target: test.elf
Invoking: ARM g++ linker
arm-xilinx-eabi-g++ -Wl,-T -Wl,../src/lscript.ld -L../../test_bsp/ps7_cortexa9_0/lib -o "test.elf"  ./src/main.o   -Wl,--start-group,-lxil,-lgcc,-lc,-lstdc++,--end-group
Finished building target: test.elf
 
Invoking: ARM Print Size
arm-xilinx-eabi-size test.elf  |tee "test.elf.size"
   text	   data	    bss	    dec	    hex	filename
  42048	 309480	  22692	 374220	  5b5cc	test.elf
Finished building: test.elf.size
 
19:20:25 **** Incremental Build of configuration Debug for project test ****
make all 
make: Nothing to be done for 'all'.
19:23:11 **** Incremental Build of configuration Debug for project test ****
make all 
make: Nothing to be done for 'all'.
19:26:02 **** Auto Build of configuration Debug for project test ****
make all 
Building file: ../src/main.cc
Invoking: ARM g++ compiler
arm-xilinx-eabi-g++ -Wall -O0 -g3 -c -fmessage-length=0 -MT"src/main.o" -I../../test_bsp/ps7_cortexa9_0/include -MMD -MP -MF"src/main.d" -MT"src/main.d" -o "src/main.o" "../src/main.cc"
../src/main.cc: In function 'int main()':
../src/main.cc:58:30: error: expected primary-expression before ')' token
  XBgsub_Set_bgmodel(&backsub,)
                              ^
make: *** [src/main.o] Error 1
src/subdir.mk:21: recipe for target 'src/main.o' failed
19:26:25 **** Auto Build of configuration Debug for project test ****
make all 
Building file: ../src/main.cc
Invoking: ARM g++ compiler
arm-xilinx-eabi-g++ -Wall -O0 -g3 -c -fmessage-length=0 -MT"src/main.o" -I../../test_bsp/ps7_cortexa9_0/include -MMD -MP -MF"src/main.d" -MT"src/main.d" -o "src/main.o" "../src/main.cc"
Finished building: ../src/main.cc
 
Building target: test.elf
Invoking: ARM g++ linker
arm-xilinx-eabi-g++ -Wl,-T -Wl,../src/lscript.ld -L../../test_bsp/ps7_cortexa9_0/lib -o "test.elf"  ./src/main.o   -Wl,--start-group,-lxil,-lgcc,-lc,-lstdc++,--end-group
Finished building target: test.elf
 
Invoking: ARM Print Size
arm-xilinx-eabi-size test.elf  |tee "test.elf.size"
   text	   data	    bss	    dec	    hex	filename
  42048	 309480	  22692	 374220	  5b5cc	test.elf
Finished building: test.elf.size
 
19:28:00 **** Incremental Build of configuration Debug for project test ****
make all 
make: Nothing to be done for 'all'.
19:29:04 **** Incremental Build of configuration Debug for project test ****
make all 
make: Nothing to be done for 'all'.
19:29:36 **** Incremental Build of configuration Debug for project test ****
make all 
make: Nothing to be done for 'all'.
19:41:25 **** Incremental Build of configuration Debug for project test ****
make all 
make: Nothing to be done for 'all'.
19:42:18 **** Incremental Build of configuration Debug for project test ****
make all 
make: Nothing to be done for 'all'.
19:44:10 **** Auto Build of configuration Debug for project test ****
make all 
Building file: ../src/main.cc
Invoking: ARM g++ compiler
arm-xilinx-eabi-g++ -Wall -O0 -g3 -c -fmessage-length=0 -MT"src/main.o" -I../../test_bsp/ps7_cortexa9_0/include -MMD -MP -MF"src/main.d" -MT"src/main.d" -o "src/main.o" "../src/main.cc"
Finished building: ../src/main.cc
 
Building target: test.elf
Invoking: ARM g++ linker
arm-xilinx-eabi-g++ -Wl,-T -Wl,../src/lscript.ld -L../../test_bsp/ps7_cortexa9_0/lib -o "test.elf"  ./src/main.o   -Wl,--start-group,-lxil,-lgcc,-lc,-lstdc++,--end-group
Finished building target: test.elf
 
Invoking: ARM Print Size
arm-xilinx-eabi-size test.elf  |tee "test.elf.size"
   text	   data	    bss	    dec	    hex	filename
  41956	 309480	  22692	 374128	  5b570	test.elf
Finished building: test.elf.size
 
19:44:27 **** Auto Build of configuration Debug for project test ****
make all 
Building file: ../src/main.cc
Invoking: ARM g++ compiler
arm-xilinx-eabi-g++ -Wall -O0 -g3 -c -fmessage-length=0 -MT"src/main.o" -I../../test_bsp/ps7_cortexa9_0/include -MMD -MP -MF"src/main.d" -MT"src/main.d" -o "src/main.o" "../src/main.cc"
Finished building: ../src/main.cc
 
Building target: test.elf
Invoking: ARM g++ linker
arm-xilinx-eabi-g++ -Wl,-T -Wl,../src/lscript.ld -L../../test_bsp/ps7_cortexa9_0/lib -o "test.elf"  ./src/main.o   -Wl,--start-group,-lxil,-lgcc,-lc,-lstdc++,--end-group
Finished building target: test.elf
 
Invoking: ARM Print Size
arm-xilinx-eabi-size test.elf  |tee "test.elf.size"
   text	   data	    bss	    dec	    hex	filename
  41860	 309480	  22692	 374032	  5b510	test.elf
Finished building: test.elf.size
 
19:45:04 **** Incremental Build of configuration Debug for project test ****
make all 
make: Nothing to be done for 'all'.
19:48:48 **** Auto Build of configuration Debug for project test ****
make all 
Building file: ../src/main.cc
Invoking: ARM g++ compiler
arm-xilinx-eabi-g++ -Wall -O0 -g3 -c -fmessage-length=0 -MT"src/main.o" -I../../test_bsp/ps7_cortexa9_0/include -MMD -MP -MF"src/main.d" -MT"src/main.d" -o "src/main.o" "../src/main.cc"
Finished building: ../src/main.cc
 
Building target: test.elf
Invoking: ARM g++ linker
arm-xilinx-eabi-g++ -Wl,-T -Wl,../src/lscript.ld -L../../test_bsp/ps7_cortexa9_0/lib -o "test.elf"  ./src/main.o   -Wl,--start-group,-lxil,-lgcc,-lc,-lstdc++,--end-group
Finished building target: test.elf
 
Invoking: ARM Print Size
arm-xilinx-eabi-size test.elf  |tee "test.elf.size"
   text	   data	    bss	    dec	    hex	filename
  41860	 309480	  22692	 374032	  5b510	test.elf
Finished building: test.elf.size
 
19:49:14 **** Incremental Build of configuration Debug for project test ****
make all 
make: Nothing to be done for 'all'.
19:50:02 **** Incremental Build of configuration Debug for project test ****
make all 
make: Nothing to be done for 'all'.
19:57:03 **** Incremental Build of configuration Debug for project test ****
make all 
make: Nothing to be done for 'all'.
20:37:55 **** Build of project new_bsp ****
make -k all 
Running Make include in ps7_cortexa9_0/libsrc/ddrps_v1_0/src
make -C ps7_cortexa9_0/libsrc/ddrps_v1_0/src -s include  "SHELL=/bin/sh" "COMPILER=arm-xilinx-eabi-gcc" "ARCHIVER=arm-xilinx-eabi-ar" "COMPILER_FLAGS=  -O2 -c" "EXTRA_COMPILER_FLAGS=-g"
Running Make include in ps7_cortexa9_0/libsrc/feature_v1_0/src
make -C ps7_cortexa9_0/libsrc/feature_v1_0/src -s include  "SHELL=/bin/sh" "COMPILER=arm-xilinx-eabi-gcc" "ARCHIVER=arm-xilinx-eabi-ar" "COMPILER_FLAGS=  -O2 -c" "EXTRA_COMPILER_FLAGS=-g"
Running Make include in ps7_cortexa9_0/libsrc/uartps_v3_1/src
make -C ps7_cortexa9_0/libsrc/uartps_v3_1/src -s include  "SHELL=/bin/sh" "COMPILER=arm-xilinx-eabi-gcc" "ARCHIVER=arm-xilinx-eabi-ar" "COMPILER_FLAGS=  -O2 -c" "EXTRA_COMPILER_FLAGS=-g"
Running Make include in ps7_cortexa9_0/libsrc/devcfg_v3_3/src
make -C ps7_cortexa9_0/libsrc/devcfg_v3_3/src -s include  "SHELL=/bin/sh" "COMPILER=arm-xilinx-eabi-gcc" "ARCHIVER=arm-xilinx-eabi-ar" "COMPILER_FLAGS=  -O2 -c" "EXTRA_COMPILER_FLAGS=-g"
Running Make include in ps7_cortexa9_0/libsrc/xadcps_v2_2/src
make -C ps7_cortexa9_0/libsrc/xadcps_v2_2/src -s include  "SHELL=/bin/sh" "COMPILER=arm-xilinx-eabi-gcc" "ARCHIVER=arm-xilinx-eabi-ar" "COMPILER_FLAGS=  -O2 -c" "EXTRA_COMPILER_FLAGS=-g"
Running Make include in ps7_cortexa9_0/libsrc/dmaps_v2_1/src
make -C ps7_cortexa9_0/libsrc/dmaps_v2_1/src -s include  "SHELL=/bin/sh" "COMPILER=arm-xilinx-eabi-gcc" "ARCHIVER=arm-xilinx-eabi-ar" "COMPILER_FLAGS=  -O2 -c" "EXTRA_COMPILER_FLAGS=-g"
Running Make include in ps7_cortexa9_0/libsrc/gpiops_v3_1/src
make -C ps7_cortexa9_0/libsrc/gpiops_v3_1/src -s include  "SHELL=/bin/sh" "COMPILER=arm-xilinx-eabi-gcc" "ARCHIVER=arm-xilinx-eabi-ar" "COMPILER_FLAGS=  -O2 -c" "EXTRA_COMPILER_FLAGS=-g"
Running Make include in ps7_cortexa9_0/libsrc/canps_v3_0/src
make -C ps7_cortexa9_0/libsrc/canps_v3_0/src -s include  "SHELL=/bin/sh" "COMPILER=arm-xilinx-eabi-gcc" "ARCHIVER=arm-xilinx-eabi-ar" "COMPILER_FLAGS=  -O2 -c" "EXTRA_COMPILER_FLAGS=-g"
Running Make include in ps7_cortexa9_0/libsrc/scuwdt_v2_1/src
make -C ps7_cortexa9_0/libsrc/scuwdt_v2_1/src -s include  "SHELL=/bin/sh" "COMPILER=arm-xilinx-eabi-gcc" "ARCHIVER=arm-xilinx-eabi-ar" "COMPILER_FLAGS=  -O2 -c" "EXTRA_COMPILER_FLAGS=-g"
Running Make include in ps7_cortexa9_0/libsrc/cpu_cortexa9_v2_1/src
make -C ps7_cortexa9_0/libsrc/cpu_cortexa9_v2_1/src -s include  "SHELL=/bin/sh" "COMPILER=arm-xilinx-eabi-gcc" "ARCHIVER=arm-xilinx-eabi-ar" "COMPILER_FLAGS=  -O2 -c" "EXTRA_COMPILER_FLAGS=-g"
Running Make include in ps7_cortexa9_0/libsrc/standalone_v5_3/src
make -C ps7_cortexa9_0/libsrc/standalone_v5_3/src -s include  "SHELL=/bin/sh" "COMPILER=arm-xilinx-eabi-gcc" "ARCHIVER=arm-xilinx-eabi-ar" "COMPILER_FLAGS=  -O2 -c" "EXTRA_COMPILER_FLAGS=-g"
Running Make include in ps7_cortexa9_0/libsrc/iicps_v3_0/src
make -C ps7_cortexa9_0/libsrc/iicps_v3_0/src -s include  "SHELL=/bin/sh" "COMPILER=arm-xilinx-eabi-gcc" "ARCHIVER=arm-xilinx-eabi-ar" "COMPILER_FLAGS=  -O2 -c" "EXTRA_COMPILER_FLAGS=-g"
Running Make include in ps7_cortexa9_0/libsrc/bgsub_v1_0/src
make -C ps7_cortexa9_0/libsrc/bgsub_v1_0/src -s include  "SHELL=/bin/sh" "COMPILER=arm-xilinx-eabi-gcc" "ARCHIVER=arm-xilinx-eabi-ar" "COMPILER_FLAGS=  -O2 -c" "EXTRA_COMPILER_FLAGS=-g"
Running Make include in ps7_cortexa9_0/libsrc/emacps_v3_1/src
make -C ps7_cortexa9_0/libsrc/emacps_v3_1/src -s include  "SHELL=/bin/sh" "COMPILER=arm-xilinx-eabi-gcc" "ARCHIVER=arm-xilinx-eabi-ar" "COMPILER_FLAGS=  -O2 -c" "EXTRA_COMPILER_FLAGS=-g"
Running Make include in ps7_cortexa9_0/libsrc/sdps_v2_6/src
make -C ps7_cortexa9_0/libsrc/sdps_v2_6/src -s include  "SHELL=/bin/sh" "COMPILER=arm-xilinx-eabi-gcc" "ARCHIVER=arm-xilinx-eabi-ar" "COMPILER_FLAGS=  -O2 -c" "EXTRA_COMPILER_FLAGS=-g"
Running Make include in ps7_cortexa9_0/libsrc/scugic_v3_1/src
make -C ps7_cortexa9_0/libsrc/scugic_v3_1/src -s include  "SHELL=/bin/sh" "COMPILER=arm-xilinx-eabi-gcc" "ARCHIVER=arm-xilinx-eabi-ar" "COMPILER_FLAGS=  -O2 -c" "EXTRA_COMPILER_FLAGS=-g"
Running Make include in ps7_cortexa9_0/libsrc/usbps_v2_2/src
make -C ps7_cortexa9_0/libsrc/usbps_v2_2/src -s include  "SHELL=/bin/sh" "COMPILER=arm-xilinx-eabi-gcc" "ARCHIVER=arm-xilinx-eabi-ar" "COMPILER_FLAGS=  -O2 -c" "EXTRA_COMPILER_FLAGS=-g"
Running Make include in ps7_cortexa9_0/libsrc/coresightps_dcc_v1_2/src
make -C ps7_cortexa9_0/libsrc/coresightps_dcc_v1_2/src -s include  "SHELL=/bin/sh" "COMPILER=arm-xilinx-eabi-gcc" "ARCHIVER=arm-xilinx-eabi-ar" "COMPILER_FLAGS=  -O2 -c" "EXTRA_COMPILER_FLAGS=-g"
Running Make include in ps7_cortexa9_0/libsrc/ttcps_v3_0/src
make -C ps7_cortexa9_0/libsrc/ttcps_v3_0/src -s include  "SHELL=/bin/sh" "COMPILER=arm-xilinx-eabi-gcc" "ARCHIVER=arm-xilinx-eabi-ar" "COMPILER_FLAGS=  -O2 -c" "EXTRA_COMPILER_FLAGS=-g"
Running Make include in ps7_cortexa9_0/libsrc/scutimer_v2_1/src
make -C ps7_cortexa9_0/libsrc/scutimer_v2_1/src -s include  "SHELL=/bin/sh" "COMPILER=arm-xilinx-eabi-gcc" "ARCHIVER=arm-xilinx-eabi-ar" "COMPILER_FLAGS=  -O2 -c" "EXTRA_COMPILER_FLAGS=-g"
Running Make include in ps7_cortexa9_0/libsrc/qspips_v3_2/src
make -C ps7_cortexa9_0/libsrc/qspips_v3_2/src -s include  "SHELL=/bin/sh" "COMPILER=arm-xilinx-eabi-gcc" "ARCHIVER=arm-xilinx-eabi-ar" "COMPILER_FLAGS=  -O2 -c" "EXTRA_COMPILER_FLAGS=-g"
Running Make libs in ps7_cortexa9_0/libsrc/ddrps_v1_0/src
make -C ps7_cortexa9_0/libsrc/ddrps_v1_0/src -s libs  "SHELL=/bin/sh" "COMPILER=arm-xilinx-eabi-gcc" "ARCHIVER=arm-xilinx-eabi-ar" "COMPILER_FLAGS=  -O2 -c" "EXTRA_COMPILER_FLAGS=-g"
Compiling ddrps
arm-xilinx-eabi-ar: creating ../../../lib/libxil.a
Running Make libs in ps7_cortexa9_0/libsrc/feature_v1_0/src
make -C ps7_cortexa9_0/libsrc/feature_v1_0/src -s libs  "SHELL=/bin/sh" "COMPILER=arm-xilinx-eabi-gcc" "ARCHIVER=arm-xilinx-eabi-ar" "COMPILER_FLAGS=  -O2 -c" "EXTRA_COMPILER_FLAGS=-g"
Compiling feature
Running Make libs in ps7_cortexa9_0/libsrc/uartps_v3_1/src
make -C ps7_cortexa9_0/libsrc/uartps_v3_1/src -s libs  "SHELL=/bin/sh" "COMPILER=arm-xilinx-eabi-gcc" "ARCHIVER=arm-xilinx-eabi-ar" "COMPILER_FLAGS=  -O2 -c" "EXTRA_COMPILER_FLAGS=-g"
Compiling uartps
Running Make libs in ps7_cortexa9_0/libsrc/devcfg_v3_3/src
make -C ps7_cortexa9_0/libsrc/devcfg_v3_3/src -s libs  "SHELL=/bin/sh" "COMPILER=arm-xilinx-eabi-gcc" "ARCHIVER=arm-xilinx-eabi-ar" "COMPILER_FLAGS=  -O2 -c" "EXTRA_COMPILER_FLAGS=-g"
Compiling devcfg
Running Make libs in ps7_cortexa9_0/libsrc/xadcps_v2_2/src
make -C ps7_cortexa9_0/libsrc/xadcps_v2_2/src -s libs  "SHELL=/bin/sh" "COMPILER=arm-xilinx-eabi-gcc" "ARCHIVER=arm-xilinx-eabi-ar" "COMPILER_FLAGS=  -O2 -c" "EXTRA_COMPILER_FLAGS=-g"
Compiling xadcps
Running Make libs in ps7_cortexa9_0/libsrc/dmaps_v2_1/src
make -C ps7_cortexa9_0/libsrc/dmaps_v2_1/src -s libs  "SHELL=/bin/sh" "COMPILER=arm-xilinx-eabi-gcc" "ARCHIVER=arm-xilinx-eabi-ar" "COMPILER_FLAGS=  -O2 -c" "EXTRA_COMPILER_FLAGS=-g"
Compiling dmaps
Running Make libs in ps7_cortexa9_0/libsrc/gpiops_v3_1/src
make -C ps7_cortexa9_0/libsrc/gpiops_v3_1/src -s libs  "SHELL=/bin/sh" "COMPILER=arm-xilinx-eabi-gcc" "ARCHIVER=arm-xilinx-eabi-ar" "COMPILER_FLAGS=  -O2 -c" "EXTRA_COMPILER_FLAGS=-g"
Compiling gpiops
Running Make libs in ps7_cortexa9_0/libsrc/canps_v3_0/src
make -C ps7_cortexa9_0/libsrc/canps_v3_0/src -s libs  "SHELL=/bin/sh" "COMPILER=arm-xilinx-eabi-gcc" "ARCHIVER=arm-xilinx-eabi-ar" "COMPILER_FLAGS=  -O2 -c" "EXTRA_COMPILER_FLAGS=-g"
Compiling canps
Running Make libs in ps7_cortexa9_0/libsrc/scuwdt_v2_1/src
make -C ps7_cortexa9_0/libsrc/scuwdt_v2_1/src -s libs  "SHELL=/bin/sh" "COMPILER=arm-xilinx-eabi-gcc" "ARCHIVER=arm-xilinx-eabi-ar" "COMPILER_FLAGS=  -O2 -c" "EXTRA_COMPILER_FLAGS=-g"
Compiling scuwdt
Running Make libs in ps7_cortexa9_0/libsrc/cpu_cortexa9_v2_1/src
make -C ps7_cortexa9_0/libsrc/cpu_cortexa9_v2_1/src -s libs  "SHELL=/bin/sh" "COMPILER=arm-xilinx-eabi-gcc" "ARCHIVER=arm-xilinx-eabi-ar" "COMPILER_FLAGS=  -O2 -c" "EXTRA_COMPILER_FLAGS=-g"
Compiling cpu_cortexa9
Running Make libs in ps7_cortexa9_0/libsrc/standalone_v5_3/src
make -C ps7_cortexa9_0/libsrc/standalone_v5_3/src -s libs  "SHELL=/bin/sh" "COMPILER=arm-xilinx-eabi-gcc" "ARCHIVER=arm-xilinx-eabi-ar" "COMPILER_FLAGS=  -O2 -c" "EXTRA_COMPILER_FLAGS=-g"
Compiling standalone
Running Make libs in ps7_cortexa9_0/libsrc/iicps_v3_0/src
make -C ps7_cortexa9_0/libsrc/iicps_v3_0/src -s libs  "SHELL=/bin/sh" "COMPILER=arm-xilinx-eabi-gcc" "ARCHIVER=arm-xilinx-eabi-ar" "COMPILER_FLAGS=  -O2 -c" "EXTRA_COMPILER_FLAGS=-g"
Compiling iicps
Running Make libs in ps7_cortexa9_0/libsrc/bgsub_v1_0/src
make -C ps7_cortexa9_0/libsrc/bgsub_v1_0/src -s libs  "SHELL=/bin/sh" "COMPILER=arm-xilinx-eabi-gcc" "ARCHIVER=arm-xilinx-eabi-ar" "COMPILER_FLAGS=  -O2 -c" "EXTRA_COMPILER_FLAGS=-g"
Compiling bgsub
Running Make libs in ps7_cortexa9_0/libsrc/emacps_v3_1/src
make -C ps7_cortexa9_0/libsrc/emacps_v3_1/src -s libs  "SHELL=/bin/sh" "COMPILER=arm-xilinx-eabi-gcc" "ARCHIVER=arm-xilinx-eabi-ar" "COMPILER_FLAGS=  -O2 -c" "EXTRA_COMPILER_FLAGS=-g"
Compiling emacps
Running Make libs in ps7_cortexa9_0/libsrc/sdps_v2_6/src
make -C ps7_cortexa9_0/libsrc/sdps_v2_6/src -s libs  "SHELL=/bin/sh" "COMPILER=arm-xilinx-eabi-gcc" "ARCHIVER=arm-xilinx-eabi-ar" "COMPILER_FLAGS=  -O2 -c" "EXTRA_COMPILER_FLAGS=-g"
Compiling sdps
Running Make libs in ps7_cortexa9_0/libsrc/scugic_v3_1/src
make -C ps7_cortexa9_0/libsrc/scugic_v3_1/src -s libs  "SHELL=/bin/sh" "COMPILER=arm-xilinx-eabi-gcc" "ARCHIVER=arm-xilinx-eabi-ar" "COMPILER_FLAGS=  -O2 -c" "EXTRA_COMPILER_FLAGS=-g"
Compiling scugic
Running Make libs in ps7_cortexa9_0/libsrc/usbps_v2_2/src
make -C ps7_cortexa9_0/libsrc/usbps_v2_2/src -s libs  "SHELL=/bin/sh" "COMPILER=arm-xilinx-eabi-gcc" "ARCHIVER=arm-xilinx-eabi-ar" "COMPILER_FLAGS=  -O2 -c" "EXTRA_COMPILER_FLAGS=-g"
Compiling usbps
Running Make libs in ps7_cortexa9_0/libsrc/coresightps_dcc_v1_2/src
make -C ps7_cortexa9_0/libsrc/coresightps_dcc_v1_2/src -s libs  "SHELL=/bin/sh" "COMPILER=arm-xilinx-eabi-gcc" "ARCHIVER=arm-xilinx-eabi-ar" "COMPILER_FLAGS=  -O2 -c" "EXTRA_COMPILER_FLAGS=-g"
Compiling coresightps_dcc
Running Make libs in ps7_cortexa9_0/libsrc/ttcps_v3_0/src
make -C ps7_cortexa9_0/libsrc/ttcps_v3_0/src -s libs  "SHELL=/bin/sh" "COMPILER=arm-xilinx-eabi-gcc" "ARCHIVER=arm-xilinx-eabi-ar" "COMPILER_FLAGS=  -O2 -c" "EXTRA_COMPILER_FLAGS=-g"
Compiling ttcps
Running Make libs in ps7_cortexa9_0/libsrc/scutimer_v2_1/src
make -C ps7_cortexa9_0/libsrc/scutimer_v2_1/src -s libs  "SHELL=/bin/sh" "COMPILER=arm-xilinx-eabi-gcc" "ARCHIVER=arm-xilinx-eabi-ar" "COMPILER_FLAGS=  -O2 -c" "EXTRA_COMPILER_FLAGS=-g"
Compiling scutimer
Running Make libs in ps7_cortexa9_0/libsrc/qspips_v3_2/src
make -C ps7_cortexa9_0/libsrc/qspips_v3_2/src -s libs  "SHELL=/bin/sh" "COMPILER=arm-xilinx-eabi-gcc" "ARCHIVER=arm-xilinx-eabi-ar" "COMPILER_FLAGS=  -O2 -c" "EXTRA_COMPILER_FLAGS=-g"
Compiling qspips
Finished building libraries
20:38:23 **** Clean-only build of configuration Debug for project test ****
make clean 
rm -rf  ./src/main.d  ./src/main.o  test.elf.size  test.elf
 
20:38:23 **** Auto Build of configuration Debug for project test ****
make all 
Building file: ../src/main.cc
Invoking: ARM g++ compiler
arm-xilinx-eabi-g++ -Wall -O0 -g3 -c -fmessage-length=0 -MT"src/main.o" -I../../new_bsp/ps7_cortexa9_0/include -MMD -MP -MF"src/main.d" -MT"src/main.d" -o "src/main.o" "../src/main.cc"
Finished building: ../src/main.cc
 
Building target: test.elf
Invoking: ARM g++ linker
arm-xilinx-eabi-g++ -Wl,-T -Wl,../src/lscript.ld -L../../new_bsp/ps7_cortexa9_0/lib -o "test.elf"  ./src/main.o   -Wl,--start-group,-lxil,-lgcc,-lc,-lstdc++,--end-group
Finished building target: test.elf
 
Invoking: ARM Print Size
arm-xilinx-eabi-size test.elf  |tee "test.elf.size"
   text	   data	    bss	    dec	    hex	filename
  41860	 309480	  22692	 374032	  5b510	test.elf
Finished building: test.elf.size
 
20:38:27 **** Auto Build of configuration Debug for project test ****
make all 
make: Nothing to be done for 'all'.
20:40:08 **** Incremental Build of configuration Debug for project test ****
make all 
make: Nothing to be done for 'all'.
20:41:13 **** Incremental Build of configuration Debug for project test ****
make all 
make: Nothing to be done for 'all'.
20:43:30 **** Auto Build of configuration Debug for project test ****
make all 
Building file: ../src/main.cc
Invoking: ARM g++ compiler
arm-xilinx-eabi-g++ -Wall -O0 -g3 -c -fmessage-length=0 -MT"src/main.o" -I../../new_bsp/ps7_cortexa9_0/include -MMD -MP -MF"src/main.d" -MT"src/main.d" -o "src/main.o" "../src/main.cc"
Finished building: ../src/main.cc
 
Building target: test.elf
Invoking: ARM g++ linker
arm-xilinx-eabi-g++ -Wl,-T -Wl,../src/lscript.ld -L../../new_bsp/ps7_cortexa9_0/lib -o "test.elf"  ./src/main.o   -Wl,--start-group,-lxil,-lgcc,-lc,-lstdc++,--end-group
Finished building target: test.elf
 
Invoking: ARM Print Size
arm-xilinx-eabi-size test.elf  |tee "test.elf.size"
   text	   data	    bss	    dec	    hex	filename
  74884	 309608	  22692	 407184	  63690	test.elf
Finished building: test.elf.size
 
20:43:37 **** Incremental Build of configuration Debug for project test ****
make all 
make: Nothing to be done for 'all'.
20:44:25 **** Incremental Build of configuration Debug for project test ****
make all 
make: Nothing to be done for 'all'.
20:56:56 **** Incremental Build of configuration Debug for project test ****
make all 
make: Nothing to be done for 'all'.
20:57:40 **** Auto Build of configuration Debug for project test ****
make all 
Building file: ../src/main.cc
Invoking: ARM g++ compiler
arm-xilinx-eabi-g++ -Wall -O0 -g3 -c -fmessage-length=0 -MT"src/main.o" -I../../new_bsp/ps7_cortexa9_0/include -MMD -MP -MF"src/main.d" -MT"src/main.d" -o "src/main.o" "../src/main.cc"
Finished building: ../src/main.cc
 
Building target: test.elf
Invoking: ARM g++ linker
arm-xilinx-eabi-g++ -Wl,-T -Wl,../src/lscript.ld -L../../new_bsp/ps7_cortexa9_0/lib -o "test.elf"  ./src/main.o   -Wl,--start-group,-lxil,-lgcc,-lc,-lstdc++,--end-group
Finished building target: test.elf
 
Invoking: ARM Print Size
arm-xilinx-eabi-size test.elf  |tee "test.elf.size"
   text	   data	    bss	    dec	    hex	filename
  75076	 309608	  22692	 407376	  63750	test.elf
Finished building: test.elf.size
 
20:57:53 **** Auto Build of configuration Debug for project test ****
make all 
Building file: ../src/main.cc
Invoking: ARM g++ compiler
arm-xilinx-eabi-g++ -Wall -O0 -g3 -c -fmessage-length=0 -MT"src/main.o" -I../../new_bsp/ps7_cortexa9_0/include -MMD -MP -MF"src/main.d" -MT"src/main.d" -o "src/main.o" "../src/main.cc"
Finished building: ../src/main.cc
 
Building target: test.elf
Invoking: ARM g++ linker
arm-xilinx-eabi-g++ -Wl,-T -Wl,../src/lscript.ld -L../../new_bsp/ps7_cortexa9_0/lib -o "test.elf"  ./src/main.o   -Wl,--start-group,-lxil,-lgcc,-lc,-lstdc++,--end-group
Finished building target: test.elf
 
Invoking: ARM Print Size
arm-xilinx-eabi-size test.elf  |tee "test.elf.size"
   text	   data	    bss	    dec	    hex	filename
  75076	 309608	  22692	 407376	  63750	test.elf
Finished building: test.elf.size
 
20:58:37 **** Auto Build of configuration Debug for project test ****
make all 
Building file: ../src/main.cc
Invoking: ARM g++ compiler
arm-xilinx-eabi-g++ -Wall -O0 -g3 -c -fmessage-length=0 -MT"src/main.o" -I../../new_bsp/ps7_cortexa9_0/include -MMD -MP -MF"src/main.d" -MT"src/main.d" -o "src/main.o" "../src/main.cc"
Finished building: ../src/main.cc
 
Building target: test.elf
Invoking: ARM g++ linker
arm-xilinx-eabi-g++ -Wl,-T -Wl,../src/lscript.ld -L../../new_bsp/ps7_cortexa9_0/lib -o "test.elf"  ./src/main.o   -Wl,--start-group,-lxil,-lgcc,-lc,-lstdc++,--end-group
Finished building target: test.elf
 
Invoking: ARM Print Size
arm-xilinx-eabi-size test.elf  |tee "test.elf.size"
   text	   data	    bss	    dec	    hex	filename
  75204	 309608	  22692	 407504	  637d0	test.elf
Finished building: test.elf.size
 
21:02:59 **** Auto Build of configuration Debug for project test ****
make all 
Building file: ../src/main.cc
Invoking: ARM g++ compiler
arm-xilinx-eabi-g++ -Wall -O0 -g3 -c -fmessage-length=0 -MT"src/main.o" -I../../new_bsp/ps7_cortexa9_0/include -MMD -MP -MF"src/main.d" -MT"src/main.d" -o "src/main.o" "../src/main.cc"
Finished building: ../src/main.cc
 
Building target: test.elf
Invoking: ARM g++ linker
arm-xilinx-eabi-g++ -Wl,-T -Wl,../src/lscript.ld -L../../new_bsp/ps7_cortexa9_0/lib -o "test.elf"  ./src/main.o   -Wl,--start-group,-lxil,-lgcc,-lc,-lstdc++,--end-group
Finished building target: test.elf
 
Invoking: ARM Print Size
arm-xilinx-eabi-size test.elf  |tee "test.elf.size"
   text	   data	    bss	    dec	    hex	filename
  75332	 309608	  22692	 407632	  63850	test.elf
Finished building: test.elf.size
 
21:03:28 **** Incremental Build of configuration Debug for project test ****
make all 
make: Nothing to be done for 'all'.
21:04:55 **** Incremental Build of configuration Debug for project test ****
make all 
make: Nothing to be done for 'all'.
